// Vitest Snapshot v1, https://vitest.dev/guide/snapshot.html

exports[`Map page (/map) > renders the map stage and matches snapshot 1`] = `
"<div data-v-346616cd="" class="map-stage" data-mapstyle="outdoors">
  <header data-v-346616cd="" class="topbar"><span data-v-346616cd="" class="tag tag--accent">3 places · 9 countries</span><button data-v-346616cd="" class="btn btn--primary btn--sm"><svg data-v-346616cd="" data-icon="" name="plus" size="14"></svg> drop a pin </button></header><!-- Map panel: Mapbox GL mounts here when token is present -->
  <div data-v-346616cd="" class="map-panel">
    <div data-v-346616cd="" class="topo map-topo"></div><span data-v-346616cd="" class="map-mount">mapbox gl · #mapPanel</span><span data-v-346616cd="" class="map-attr">© Mapbox © OpenStreetMap</span>
  </div>
  <!-- Fallback pins rendered in DOM only when Mapbox is not active.
         When Mapbox is active, markers are owned by the map. --><button data-v-346616cd="" class="pin-abs sm" aria-label="Reykjavík"><span data-v-346616cd="" class="pin-ring"></span><svg data-v-346616cd="" data-icon="" name="pin" size="18" class="pin"></svg></button><button data-v-346616cd="" class="pin-abs sm" aria-label="Tokyo"><span data-v-346616cd="" class="pin-ring"></span><svg data-v-346616cd="" data-icon="" name="pin" size="18" class="pin"></svg></button><!-- Places load error -->
  <!--v-if-->
  <!-- Map init error (bad token, WebGL unsupported, etc.) -->
  <!--v-if-->
  <!-- Stats load error -->
  <!--v-if-->
  <!-- Drop-pin mode indicator -->
  <!--v-if-->
  <!-- Drop-pin create form -->
  <!--v-if-->
  <!-- Places panel -->
  <div data-v-346616cd="" class="places">
    <div data-v-346616cd="" class="places__head">
      <div data-v-346616cd="" class="label">// your places</div>
      <div data-v-346616cd="" class="places__search"><svg data-v-346616cd="" data-icon="" name="search" size="15"></svg><input data-v-346616cd="" placeholder="Search places…"></div>
    </div>
    <div data-v-346616cd="" class="chips"><span data-v-346616cd="" class="chip is-active">All</span><span data-v-346616cd="" class="chip">2026</span><span data-v-346616cd="" class="chip">Journaled</span><span data-v-346616cd="" class="chip">Wishlist</span></div>
    <div data-v-346616cd="" class="place-list">
      <div data-v-346616cd="" class="place-item"><span data-v-346616cd="" class="place-item__dot"></span>
        <div data-v-346616cd="">
          <div data-v-346616cd="" class="place-item__name">Reykjavík</div>
          <div data-v-346616cd="" class="place-item__sub">Iceland · current trip</div>
        </div><span data-v-346616cd="" class="place-item__n">city</span>
      </div>
      <div data-v-346616cd="" class="place-item"><span data-v-346616cd="" class="place-item__dot"></span>
        <div data-v-346616cd="">
          <div data-v-346616cd="" class="place-item__name">Tokyo</div>
          <div data-v-346616cd="" class="place-item__sub">Japan · 2025</div>
        </div><span data-v-346616cd="" class="place-item__n">city</span>
      </div>
      <div data-v-346616cd="" class="place-item"><span data-v-346616cd="" class="place-item__dot"></span>
        <div data-v-346616cd="">
          <div data-v-346616cd="" class="place-item__name">Lisbon</div>
          <div data-v-346616cd="" class="place-item__sub">Portugal</div>
        </div><span data-v-346616cd="" class="place-item__n"></span>
      </div>
      <!--v-if-->
    </div>
  </div><!-- Detail card -->
  <div data-v-346616cd="" class="detail">
    <!--v-if-->
  </div><!-- Map controls -->
  <div data-v-346616cd="" class="map-controls">
    <div data-v-346616cd="" class="layers-pop">
      <div data-v-346616cd="" class="layers-pop__h">// base map style</div>
      <div data-v-346616cd="" class="lstyle is-active"><span data-v-346616cd="" class="lstyle__sw sw-outdoors"></span><span data-v-346616cd="" class="lstyle__n">Outdoors</span><svg data-v-346616cd="" data-icon="" name="check" size="14" class="lstyle__c"></svg></div>
      <div data-v-346616cd="" class="lstyle"><span data-v-346616cd="" class="lstyle__sw sw-streets"></span><span data-v-346616cd="" class="lstyle__n">Streets</span><svg data-v-346616cd="" data-icon="" name="check" size="14" class="lstyle__c"></svg></div>
      <div data-v-346616cd="" class="lstyle"><span data-v-346616cd="" class="lstyle__sw sw-satellite"></span><span data-v-346616cd="" class="lstyle__n">Satellite</span><svg data-v-346616cd="" data-icon="" name="check" size="14" class="lstyle__c"></svg></div>
      <div data-v-346616cd="" class="lstyle"><span data-v-346616cd="" class="lstyle__sw sw-light"></span><span data-v-346616cd="" class="lstyle__n">Light</span><svg data-v-346616cd="" data-icon="" name="check" size="14" class="lstyle__c"></svg></div>
      <div data-v-346616cd="" class="lstyle"><span data-v-346616cd="" class="lstyle__sw sw-dark"></span><span data-v-346616cd="" class="lstyle__n">Dark</span><svg data-v-346616cd="" data-icon="" name="check" size="14" class="lstyle__c"></svg></div>
      <div data-v-346616cd="" class="lstyle"><span data-v-346616cd="" class="lstyle__sw sw-custom"></span><span data-v-346616cd="" class="lstyle__n">Wanderist violet</span><svg data-v-346616cd="" data-icon="" name="check" size="14" class="lstyle__c"></svg></div>
    </div><button data-v-346616cd="" class="map-cbtn" aria-label="Map style"><svg data-v-346616cd="" data-icon="" name="layers" size="18"></svg></button>
    <div data-v-346616cd="" class="zoom"><button data-v-346616cd="" aria-label="Zoom in"><svg data-v-346616cd="" data-icon="" name="plus" size="16"></svg></button><button data-v-346616cd="" aria-label="Zoom out"><svg data-v-346616cd="" class="ico" viewBox="0 0 24 24" fill="none" stroke="currentColor" stroke-width="1.7" stroke-linecap="round">
          <line data-v-346616cd="" x1="5" y1="12" x2="19" y2="12"></line>
        </svg></button></div>
  </div>
  <div data-v-346616cd="" class="legend">outdoors-v12 · 2 pins </div>
</div>"
`;
