// Vitest Snapshot v1, https://vitest.dev/guide/snapshot.html

exports[`Trip Detail page (/trips/[id]) > renders without crashing and matches snapshot 1`] = `
"<div data-v-a25903e0="" class="content content--wide" style="padding-top: 0px;">
  <!-- Hero -->
  <div data-v-a25903e0="" class="thero ph" style="">
    <div data-v-a25903e0="" class="topo"></div>
    <div data-v-a25903e0="" class="thero__veil"></div>
    <div data-v-a25903e0="" class="thero__acts"><button data-v-a25903e0="" class="btn btn--outline btn--sm" style="background: rgba(255, 255, 255, 0.12); border-color: rgba(255, 255, 255, 0.4); color: #fff;"><svg data-v-a25903e0="" data-icon="" name="image" size="14"></svg> edit cover</button><input data-v-a25903e0="" type="file" accept="image/*" style="display: none;"><button data-v-a25903e0="" class="btn btn--outline btn--sm" style="background: rgba(255, 255, 255, 0.12); border-color: rgba(255, 255, 255, 0.4); color: #fff;"><svg data-v-a25903e0="" data-icon="" name="globe" size="14"></svg> share</button></div>
    <div data-v-a25903e0="" class="thero__in">
      <div data-v-a25903e0="" class="label">// ongoing trip</div>
      <h1 data-v-a25903e0="">Iceland, the ring road</h1>
      <div data-v-a25903e0="" class="thero__meta"><span data-v-a25903e0=""><svg data-v-a25903e0="" data-icon="" name="calendar" size="14"></svg> Jun 9 – Jun 17</span><span data-v-a25903e0=""><svg data-v-a25903e0="" data-icon="" name="pin" size="14"></svg> 3 stops  · 1,332 km</span><span data-v-a25903e0=""><svg data-v-a25903e0="" data-icon="" name="image" size="14"></svg> 61 photos</span></div>
    </div>
  </div>
  <!--v-if-->
  <!--v-if-->
  <!--v-if-->
  <div data-v-a25903e0="" class="tdcols">
    <!-- Itinerary -->
    <div data-v-a25903e0="">
      <div data-v-a25903e0="" class="iti-head">
        <div data-v-a25903e0="">
          <div data-v-a25903e0="" class="label">// itinerary</div>
          <h2 data-v-a25903e0="" class="display" style="font-size: 20px; margin-top: 8px;"> Route &amp; stops </h2>
        </div><button data-v-a25903e0="" class="btn btn--ghost btn--sm"><svg data-v-a25903e0="" data-icon="" name="sliders" size="14"></svg> reorder </button>
      </div>
      <div data-v-a25903e0="" class="iti">
        <div data-v-a25903e0="" class="stop is-done">
          <div data-v-a25903e0="" class="stop__node">
            <div data-v-a25903e0="" class="stop__pin"><svg data-v-a25903e0="" data-icon="" name="check" size="18"></svg></div>
          </div>
          <div data-v-a25903e0="" class="stop__card">
            <div data-v-a25903e0="" class="stop__top">
              <div data-v-a25903e0="">
                <div data-v-a25903e0="" class="stop__name">Reykjavík</div>
                <div data-v-a25903e0="" class="stop__sub"><svg data-v-a25903e0="" data-icon="" name="calendar" size="12"></svg> Jun 9 · 2 nights
                  <!--v-if-->
                </div>
              </div><span data-v-a25903e0="" class="stop__grip"><svg data-v-a25903e0="" data-icon="" name="grip" size="16"></svg></span>
            </div>
            <p data-v-a25903e0="" class="stop__note">Landed, picked up the camper.</p>
            <div data-v-a25903e0="" class="stop__foot">
              <!--v-if-->
            </div>
          </div>
        </div>
        <div data-v-a25903e0="" class="stop is-next">
          <div data-v-a25903e0="" class="stop__node">
            <div data-v-a25903e0="" class="stop__pin"><svg data-v-a25903e0="" data-icon="" name="pin" size="18"></svg></div>
          </div>
          <div data-v-a25903e0="" class="stop__card">
            <div data-v-a25903e0="" class="stop__top">
              <div data-v-a25903e0="">
                <div data-v-a25903e0="" class="stop__name">Jökulsárlón</div>
                <div data-v-a25903e0="" class="stop__sub">
                  <!--v-if--><span data-v-a25903e0="" class="tag tag--accent">next</span>
                </div>
              </div><span data-v-a25903e0="" class="stop__grip"><svg data-v-a25903e0="" data-icon="" name="grip" size="16"></svg></span>
            </div>
            <!--v-if-->
            <div data-v-a25903e0="" class="stop__foot"><span data-v-a25903e0="" class="m"><svg data-v-a25903e0="" data-icon="" name="ruler" size="12"></svg> 270 km</span></div>
          </div>
        </div>
        <div data-v-a25903e0="" class="stop">
          <div data-v-a25903e0="" class="stop__node">
            <div data-v-a25903e0="" class="stop__pin"><span data-v-a25903e0="">3</span></div>
          </div>
          <div data-v-a25903e0="" class="stop__card">
            <div data-v-a25903e0="" class="stop__top">
              <div data-v-a25903e0="">
                <div data-v-a25903e0="" class="stop__name">Höfn</div>
                <div data-v-a25903e0="" class="stop__sub">
                  <!--v-if-->
                  <!--v-if-->
                </div>
              </div><span data-v-a25903e0="" class="stop__grip"><svg data-v-a25903e0="" data-icon="" name="grip" size="16"></svg></span>
            </div>
            <!--v-if-->
            <div data-v-a25903e0="" class="stop__foot"><span data-v-a25903e0="" class="m"><svg data-v-a25903e0="" data-icon="" name="ruler" size="12"></svg> 180 km</span></div>
          </div>
        </div>
        <div data-v-a25903e0="" class="stop__add">
          <div data-v-a25903e0=""></div><button data-v-a25903e0="" class="add-btn"><svg data-v-a25903e0="" data-icon="" name="plus" size="15"></svg> add a stop</button>
        </div>
      </div>
      <!--v-if-->
      <!--v-if-->
    </div><!-- Rail -->
    <aside data-v-a25903e0="" class="trail">
      <div data-v-a25903e0="" class="rail-card" style="padding: 0px; overflow: hidden;">
        <div data-v-a25903e0="" class="mini-map">
          <div data-v-a25903e0="" class="topo"></div><span data-v-a25903e0="" class="pin-abs" style="left: 20%; top: 30%;"><svg data-v-a25903e0="" data-icon="" name="pin" size="18" class="pin"></svg></span><span data-v-a25903e0="" class="pin-abs" style="left: 50%; top: 65%;"><svg data-v-a25903e0="" data-icon="" name="pin" size="18" class="pin"></svg></span><span data-v-a25903e0="" class="pin-abs" style="left: 80%; top: 65%;"><svg data-v-a25903e0="" data-icon="" name="pin" size="18" class="pin"></svg></span>
        </div>
        <div data-v-a25903e0="" style="padding: 13px 16px;"><a data-v-a25903e0="" href="/map" class="btn btn--outline btn--sm btn--block"><svg data-v-a25903e0="" data-icon="" name="map" size="14"></svg> open in full map </a></div>
      </div>
      <div data-v-a25903e0="" class="rail-card">
        <h4 data-v-a25903e0="" class="display">Trip facts</h4>
        <div data-v-a25903e0="" class="fact"><span data-v-a25903e0="" class="k">Status</span><span data-v-a25903e0="" class="v" style="color: var(--success-ink);">Ongoing</span></div>
        <div data-v-a25903e0="" class="fact"><span data-v-a25903e0="" class="k">Distance</span><span data-v-a25903e0="" class="v">1,332 km</span></div>
        <div data-v-a25903e0="" class="fact"><span data-v-a25903e0="" class="k">Logged</span><span data-v-a25903e0="" class="v">450 km / 1,332 km</span></div>
        <div data-v-a25903e0="" class="fact"><span data-v-a25903e0="" class="k">Nights</span><span data-v-a25903e0="" class="v">3</span></div>
        <div data-v-a25903e0="" class="fact"><span data-v-a25903e0="" class="k">Photos</span><span data-v-a25903e0="" class="v">61</span></div>
        <div data-v-a25903e0="" class="fact"><span data-v-a25903e0="" class="k">Visibility</span><span data-v-a25903e0="" class="v">Private</span></div>
      </div>
      <div data-v-a25903e0="" class="rail-card">
        <h4 data-v-a25903e0="" class="display" style="display: flex; align-items: center; justify-content: space-between;"> Travelling with <button data-v-a25903e0="" class="label label--plain" style="font-size: 10px; border: none none; background: none none; color: var(--accent-ink);"> invite </button></h4>
        <div data-v-a25903e0="" class="companions">
          <div data-v-a25903e0="" class="companion"><span data-v-a25903e0="" class="companion__av" style="background: var(--bg-tint); color: var(--muted);"><svg data-v-a25903e0="" data-icon="" name="plus" size="16"></svg></span>
            <div data-v-a25903e0=""><b data-v-a25903e0="">Invite someone</b><br data-v-a25903e0=""><span data-v-a25903e0="">add a co-traveller</span></div>
          </div>
        </div>
      </div>
    </aside>
  </div>
</div>"
`;
